bringing up nodes...
bringing up nodes...

........................................................................ [  5%]
........................................................................ [ 11%]
...............................uuuuu................uuuuuuu.uuuuuu....uu [ 15%]
uuuuuuuuuuuuuuuuuuuuu..................uuuuuuuuuuuuuuuuuuuuu............ [ 18%]
........................................................................ [ 23%]
.............................................................uuuu....... [ 29%]
........................................................................ [ 35%]
...........uuuu.uuuuuuuuuuuuu...uuuuuuuuuu....uuuuuuuuuuuuu.uuu..uuuu... [ 37%]
........................................uuuuuuuuu....................... [ 42%]
........................................................................ [ 48%]
........................................................................ [ 53%]
................uuuuuuuu....s....uuuu.uu................................ [ 58%]
........................................................................ [ 64%]
.............................uuuuuuuuu.................................u [ 69%]
uu........uuuuuuuu...................................................... [ 74%]
..........s............................................................. [ 80%]
........................................................................ [ 85%]
...................uuuu..................................uuuuuuu..uu..uu [ 90%]
uuuuuuuuuuu..uuuuuu...............uu................uuuuuu.uuuuuu.uu.... [ 93%]
....................uuu.............................u.u.u............... [ 98%]
..............                                                           [100%]
1242 passed, 2 skipped, 210 subtests passed in 197.59s (0:03:17)
