bringing up nodes...
bringing up nodes...

........................................................................ [  5%]
........................................................................ [ 11%]
...............................................................uuuu..... [ 17%]
........................................................................ [ 23%]
........................................................................ [ 28%]
..uuuuuuuuuuuuuuuuuuuuu................................................. [ 33%]
..................................................................uuuuuu [ 38%]
uuu..........................................uuuuuuuuuuuuuuuuu...uuuuuuu [ 42%]
uuu...uuuuuuuuuuuuu..................................................... [ 46%]
.............................uuuu....................................... [ 52%]
............................................................u.......u.uu [ 57%]
.uuuu.uu................................................................ [ 63%]
.......................................uuuuuuuuu........................ [ 68%]
..........uuu........uuuuuuuu...............................u........... [ 73%]
.......................s................................................ [ 78%]
...........................uuu.......uuuuu......uuuuuuu.uuuuuu.......uuu [ 82%]
..uuuuuuuuuuuuu..uuuuuuu................................................ [ 87%]
.............................uuuu......................uuuuuuu..uu..uuuu [ 91%]
uuuuuuuuu..uuuuuu....................................................... [ 96%]
....uuuuuu.uuuuuu.uu........................uuu..................        [100%]
1230 passed, 1 skipped, 202 subtests passed in 165.44s (0:02:45)
