bringing up nodes...
bringing up nodes...

........................................................................ [  5%]
........................................................................ [ 11%]
.........................................................uuuu........... [ 17%]
........................................................................ [ 22%]
................................................................uuuuuuuu [ 28%]
uuuuuuuuuuuuu........................................................... [ 32%]
............................uuuu........................................ [ 38%]
........................................................................ [ 44%]
....................uuuuuuuuu..........................................u [ 49%]
uuuuuuuuuuuuuuuu...uuuuuuuuuu...uuuuuuuuuuuuu.uuu....................... [ 51%]
......................................................................uu [ 57%]
.uuuu.uu..............................u................................. [ 62%]
..........................................uuuuuuuuu..................... [ 67%]
............uuu........uuuuuuuu..........................u.............. [ 72%]
...........s...............u...................................uuuuu.... [ 77%]
uuuuuuu.uuuuuu....uuuuuuuuuuuuuuuuuuuuuuu............................... [ 80%]
...................uuuuuuuu..............uuuuuuu..uu..uuuuuuuuuuuuu..uuu [ 84%]
uuu..................................................................... [ 89%]
...............uuuu..................................................... [ 95%]
............uuuuuu.uuuuuu.uu......................uuu................... [ 99%]
......                                                                   [100%]
1235 passed, 1 skipped, 210 subtests passed in 215.42s (0:03:35)
