bringing up nodes...
bringing up nodes...

....s....s.....................................s........................ [  5%]
........................................................................ [ 11%]
....................................................................uuuu [ 17%]
........................................................................ [ 22%]
........................................................................ [ 28%]
.....................uuuuuuuuuuuuuuuuuuuuu.............................. [ 32%]
...................uuuuuuuuu............................................ [ 37%]
.................uuuu.uuuuuuuuuuuuu...uuuuuuuuuu...uuuuuuuuuuuuu.uuu.... [ 40%]
.uuuu................................................................... [ 45%]
............................................................u........... [ 51%]
.....u...u............................................................uu [ 57%]
uuu.....uuuuuuu.uuuuuu....uuuuuuuuuuuuuuuuuuuuuuu....................... [ 59%]
uuuuuuuu......................uuuuuuu..uu..uuuuuuuuuuuuu..uuuuuu........ [ 62%]
........................................sss............................. [ 68%]
.............uuuuuuuuu..................................uuu........uuuuu [ 72%]
uuu.......................................uu.uuuu.uu.................... [ 77%]
.......s................................................................ [ 83%]
..........s............................................................. [ 89%]
.....uuuu............................................................... [ 94%]
.....................uuuuuu.uuuuuu.uu.......................uuu......... [ 99%]
........                                                                 [100%]
1230 passed, 8 skipped, 210 subtests passed in 89.07s (0:01:29)
